// Jest Snapshot v1, https://goo.gl/fbAQLP

exports[`The application is displayed correctly. MovieCard screen correctly renders after launch 1`] = `
<article
  className="small-movie-card catalog__movies-card"
  onMouseEnter={[Function]}
  onMouseLeave={[Function]}
>
  <div
    className="small-movie-card__image"
  >
    <video />
  </div>
  <h3
    className="small-movie-card__title"
  >
    <a
      className="small-movie-card__link"
      href="movie-page.html"
      onClick={[MockFunction]}
    >
      
    </a>
  </h3>
</article>
`;
